01-24 15:51:07.981   707   925 D WifiClientModeImpl: setSuspendOptimizationsNative: 1 true -want true stack:setSuspendOptimizationsNative - handlePostDhcpSetup - stopDhcpSetup - startIpClient
01-24 15:51:07.981   707   925 D WifiClientModeImpl: Setting power save for: wlan0 to: true
01-24 15:51:07.981   707  1797 I WifiService: getConnectionInfo uid=1000
01-24 15:51:07.981  2836  2836 D wpa_supplicant: nl80211: set_p2p_powersave (legacy_ps=1 opp_ps=-1 ctwindow=-1)
01-24 15:51:07.981   707   925 D SupplicantStaIfaceHal: ISupplicantStaIface.setPowerSave succeeded
01-24 15:51:07.982  1753  1753 I WifiManagerProxy: onReceive, action = android.net.wifi.STATE_CHANGE
01-24 15:51:07.982   707   928 D WifiP2pService: InactiveState{ when=0 what=143375 target=com.android.wifi.x.com.android.internal.util.StateMachine$SmHandler }
01-24 15:51:07.982   707   928 D WifiP2pService: P2pEnabledState{ when=0 what=143375 target=com.android.wifi.x.com.android.internal.util.StateMachine$SmHandler }
01-24 15:51:07.982  2836  2836 I wpa_supplicant: wpa_driver_nl80211_driver_cmd: wlan0 recv cmd BTCOEXMODE 2
01-24 15:51:07.982   707   721 I WifiService: getConnectionInfo uid=1000
01-24 15:51:07.982  1753  2059 D LoginView: MSG_WIFI_AUTH
01-24 15:51:07.982   707   925 D SupplicantStaIfaceHal: ISupplicantStaIface.setBtCoexistenceMode succeeded
01-24 15:51:07.983   707   925 V WifiClientModeImpl: stopIpClient IpClientWithPreConnection: false
01-24 15:51:07.983   707   925 V WifiClientModeImpl: java.lang.Throwable
01-24 15:51:07.983   707   925 V WifiClientModeImpl: 	at com.android.server.wifi.ClientModeImpl.stopIpClient(ClientModeImpl.java:1069)
01-24 15:51:07.983   707   925 V WifiClientModeImpl: 	at com.android.server.wifi.ClientModeImpl.stopDhcpSetup(ClientModeImpl.java:1084)
01-24 15:51:07.983   707   925 V WifiClientModeImpl: 	at com.android.server.wifi.ClientModeImpl.startIpClient(ClientModeImpl.java:6548)
01-24 15:51:07.983   707   925 V WifiClientModeImpl: 	at com.android.server.wifi.ClientModeImpl.access$6800(ClientModeImpl.java:163)
01-24 15:51:07.983   707   925 V WifiClientModeImpl: 	at com.android.server.wifi.ClientModeImpl$ObtainingIpState.enter(ClientModeImpl.java:5135)
01-24 15:51:07.983   707   925 V WifiClientModeImpl: 	at com.android.wifi.x.com.android.internal.util.StateMachine$SmHandler.invokeEnterMethods(StateMachine.java:1037)
01-24 15:51:07.983   707   925 V WifiClientModeImpl: 	at com.android.wifi.x.com.android.internal.util.StateMachine$SmHandler.performTransitions(StateMachine.java:879)
01-24 15:51:07.983   707   925 V WifiClientModeImpl: 	at com.android.wifi.x.com.android.internal.util.StateMachine$SmHandler.handleMessage(StateMachine.java:819)
01-24 15:51:07.983   707   925 V WifiClientModeImpl: 	at android.os.Handler.dispatchMessage(Handler.java:106)
01-24 15:51:07.983   707   925 V WifiClientModeImpl: 	at android.os.Looper.loop(Looper.java:223)
01-24 15:51:07.983   707   925 V WifiClientModeImpl: 	at android.os.HandlerThread.run(HandlerThread.java:67)
01-24 15:51:07.983  1753  1753 I WifiManagerProxy: NETWORK_STATE_CHANGED_ACTION zte_wlanap_sn_CS_h3c OBTAINING_IPADDR





01-24 15:51:07.991   707   925 E WifiVendorHal: getWifiLinkLayerStats_1_3_Internal(l.973) failed {.code = ERROR_NOT_SUPPORTED, .description = }
01-24 15:51:07.992   707   925 D SupplicantStateTracker: HandshakeState{ when=-33ms what=147462 obj= SSID: zte_wlanap_sn_CS_h3c BSSID: 94:29:2f:97:bf:60 nid: 0 state: COMPLETED target=com.android.wifi.x.com.android.internal.util.StateMachine$SmHandler }
01-24 15:51:07.992   707   925 D SupplicantStateTracker: DefaultState{ when=-33ms what=147462 obj= SSID: zte_wlanap_sn_CS_h3c BSSID: 94:29:2f:97:bf:60 nid: 0 state: COMPLETED target=com.android.wifi.x.com.android.internal.util.StateMachine$SmHandler }
01-24 15:51:07.993   707   925 D SupplicantStateTracker: Supplicant state: COMPLETED
01-24 15:51:07.993   707   925 D SupplicantStateTracker: CompletedState
01-24 15:51:07.994   707   925 D WifiScoreCard: Changing state to COMPLETED SSID: zte_wlanap_sn_CS_h3c, BSSID: 94:29:2f:97:bf:60, MAC: 9e:5b:a5:3d:6e:41, Supplicant state: GROUP_HANDSHAKE, Wi-Fi standard: 0, RSSI: -127, Link speed: -1Mbps, Tx Link speed: -1Mbps, Max Supported Tx Link speed: -1Mbps, Rx Link speed: -1Mbps, Max Supported Rx Link speed: -1Mbps, Frequency: -1MHz, Net ID: 0, Metered hint: false, score: 0
01-24 15:51:07.994  1753  1753 I WifiProxy: onReceive, action = android.net.wifi.supplicant.STATE_CHANGE
01-24 15:51:07.994  1753  1753 I WifiProxy: onReceive: intent action = android.net.wifi.supplicant.STATE_CHANGE
01-24 15:51:07.995  1753  1753 I WifiProxy: connect wifi result:-1,wifi=zte_wlanap_sn_CS_h3c
01-24 15:51:07.995  1753  1753 I WifiManagerProxy: onReceive, action = android.net.wifi.supplicant.STATE_CHANGE
01-24 15:51:07.995   707   925 D WifiClientModeImpl: tx tput in kbps: -1
01-24 15:51:07.995   707   925 D WifiClientModeImpl: rx tput in kbps: -1
01-24 15:51:07.995   707  1797 I WifiService: getConnectionInfo uid=1000
01-24 15:51:07.996  1753  1753 I WifiManagerProxy: SUPPLICANT_STATE_CHANGED_ACTION zte_wlanap_sn_CS_h3c OBTAINING_IPADDR COMPLETED -1
01-24 15:51:07.996   707   925 D WifiScoreCard: STATE SSID: zte_wlanap_sn_CS_h3c, BSSID: 94:29:2f:97:bf:60, MAC: 9e:5b:a5:3d:6e:41, Supplicant state: COMPLETED, Wi-Fi standard: 0, RSSI: -127, Link speed: -1Mbps, Tx Link speed: -1Mbps, Max Supported Tx Link speed: -1Mbps, Rx Link speed: -1Mbps, Max Supported Rx Link speed: -1Mbps, Frequency: -1MHz, Net ID: 0, Metered hint: false, score: 0
01-24 15:51:07.996   707   925 D WifiClientModeImpl:  ConnectModeState SUPPLICANT_STATE_CHANGE_EVENT screen=on 0 0 SSID: zte_wlanap_sn_CS_h3c BSSID: 94:29:2f:97:bf:60 nid: 0 state: COMPLETED
01-24 15:51:07.998   707   925 E WifiVendorHal: getWifiLinkLayerStats_1_3_Internal(l.973) failed {.code = ERROR_NOT_SUPPORTED, .description = }
01-24 15:51:08.001   707   721 I WifiService: getVerboseLoggingLevel uid=1073
01-24 15:51:08.004   707   925 D WifiClientModeImpl: fetchRssiLinkSpeedAndFrequencyNative rssi=-71 TxLinkspeed=585 freq=5180 RxLinkSpeed=0
01-24 15:51:08.005   707   925 D WifiDataStall: tx tput in kbps: -1
01-24 15:51:08.005   707   925 D WifiDataStall: rx tput in kbps: -1
01-24 15:51:08.005   707   925 D WifiClientModeImpl: tx tput in kbps: -1
01-24 15:51:08.005   707   925 D WifiClientModeImpl: rx tput in kbps: -1
01-24 15:51:08.006   707   925 D WifiScoreReport: report new wifi score 59
01-24 15:51:08.007   707   925 D WifiThroughputPredictor:  utilization (BssLoad) -1 utilization (LLStats) 15 isBluetoothConnected: false final utilization: 15
01-24 15:51:08.007   707   925 D WifiThroughputPredictor:  utilization (BssLoad) -1 utilization (LLStats) 15 isBluetoothConnected: false final utilization: 15
01-24 15:51:08.008   707   925 D WifiScoreCard: BSSID update FIRST_POLL_AFTER_CONNECTION ID: 371226184 SSID: zte_wlanap_sn_CS_h3c, BSSID: 94:29:2f:97:bf:60, MAC: 9e:5b:a5:3d:6e:41, Supplicant state: COMPLETED, Wi-Fi standard: 0, RSSI: -71, Link speed: 585Mbps, Tx Link speed: 585Mbps, Max Supported Tx Link speed: -1Mbps, Rx Link speed: -1Mbps, Max Supported Rx Link speed: -1Mbps, Frequency: 5180MHz, Net ID: 0, Metered hint: false, score: 59
01-24 15:51:08.009   707   925 D WifiScoreCard: BSSID update SIGNAL_POLL ID: 371226184 SSID: zte_wlanap_sn_CS_h3c, BSSID: 94:29:2f:97:bf:60, MAC: 9e:5b:a5:3d:6e:41, Supplicant state: COMPLETED, Wi-Fi standard: 0, RSSI: -71, Link speed: 585Mbps, Tx Link speed: 585Mbps, Max Supported Tx Link speed: -1Mbps, Rx Link speed: -1Mbps, Max Supported Rx Link speed: -1Mbps, Frequency: 5180MHz, Net ID: 0, Metered hint: false, score: 59
01-24 15:51:08.009   707   925 D WifiScoreCard: txRate: 0 txSpeed: 585
01-24 15:51:08.009   707   925 D WifiScoreCard: network update SIGNAL_POLL "zte_wlanap_sn_CS_h3c" ID: 1045512341 RSSI -71 txSpeed -1
01-24 15:51:08.009   707   925 D WifiScoreCard: SSID: "zte_wlanap_sn_CS_h3c"
01-24 15:51:08.009   707   925 D WifiScoreCard:  LastRssiPollTime: 30641 LastRssiPoll: -71 LastTxSpeedPoll: -1
01-24 15:51:08.009   707   925 D WifiScoreCard:  StatsRecent:  ConnectAttempt: 0 ConnectFailure: 0 ConnectDurSec: 0 AssocRej: 0 AssocTimeout: 0 AuthFailure: 0 ShortDiscNonlocal: 0 DisconnectNonlocal: 0 Disconnect: 0 ConsecutiveConnectFailure: 0
01-24 15:51:08.009   707   925 D WifiScoreCard:  StatsCurr:  ConnectAttempt: 0 ConnectFailure: 0 ConnectDurSec: 0 AssocRej: 0 AssocTimeout: 0 AuthFailure: 0 ShortDiscNonlocal: 0 DisconnectNonlocal: 0 Disconnect: 0 ConsecutiveConnectFailure: 0
01-24 15:51:08.009   707   925 D WifiScoreCard:  StatsPrev:  ConnectAttempt: 0 ConnectFailure: 0 ConnectDurSec: 0 AssocRej: 0 AssocTimeout: 0 AuthFailure: 0 ShortDiscNonlocal: 0 DisconnectNonlocal: 0 Disconnect: 0 ConsecutiveConnectFailure: 0
01-24 15:51:08.010   707   925 D WifiClientModeImpl:  L2ConnectedState CMD_RSSI_POLL screen=on 1 0 "zte_wlanap_sn_CS_h3c" 94:29:2f:97:bf:60 rssi=-71 f=5180 sc=59 link=585 tx=0.0, 0.0, 0.0  rx=0.0 bcn=0 [on:0 tx:0 rx:0 period:-1933006358] from screen [on:0 period:-1933006358] score=59
01-24 15:51:08.011   707   925 D WifiVendorHal: configureNeighborDiscoveryOffload enabled=true
01-24 15:51:08.011   707   925 D WifiClientModeImpl:  ConnectModeState CMD_CONFIG_ND_OFFLOAD screen=on 1 0
01-24 15:51:08.014  2836  2836 I wpa_supplicant: wpa_driver_nl80211_driver_cmd: wlan0 recv cmd RXFILTER-STOP
01-24 15:51:08.014  2836  2836 D wpa_supplicant: nl80211 test mode: ifindex=10
01-24 15:51:08.014  2836  2836 D wpa_supplicant: ret=0, nl=0xb4000071135651a0
01-24 15:51:08.015   707   925 D SupplicantStaIfaceHal: ISupplicantStaIface.stopRxFilter succeeded
01-24 15:51:08.015  2836  2836 I wpa_supplicant: wpa_driver_nl80211_driver_cmd: wlan0 recv cmd RXFILTER-REMOVE 2
01-24 15:51:08.015  2836  2836 D wpa_supplicant: nl80211 test mode: ifindex=10
01-24 15:51:08.015  2836  2836 D wpa_supplicant: ret=0, nl=0xb4000071135651a0
01-24 15:51:08.016   707   925 D SupplicantStaIfaceHal: ISupplicantStaIface.removeRxFilter succeeded
01-24 15:51:08.016  2836  2836 I wpa_supplicant: wpa_driver_nl80211_driver_cmd: wlan0 recv cmd RXFILTER-START
01-24 15:51:08.016  2836  2836 D wpa_supplicant: nl80211 test mode: ifindex=10
01-24 15:51:08.017  2836  2836 D wpa_supplicant: ret=0, nl=0xb4000071135651a0
01-24 15:51:08.017   707   925 D SupplicantStaIfaceHal: ISupplicantStaIface.startRxFilter succeeded
01-24 15:51:08.017   707   925 D WifiClientModeImpl:  DefaultState CMD_SET_FALLBACK_PACKET_FILTERING screen=on enabled=true
01-24 15:51:08.028   707   941 D MtkConnectivityService: [100 WIFI] EVENT_NETWORK_INFO_CHANGED, going from UNKNOWN to UNKNOWN
01-24 15:51:08.030   707   941 D MtkConnectivityService: NetReassign [no changes]
01-24 15:51:08.031   707   925 D WifiClientModeImpl: Link configuration changed for netId: 0 old: {LinkAddresses: [ ] DnsAddresses: [ ] Domains: null MTU: 0 Routes: [ ]} new: {InterfaceName: wlan0 LinkAddresses: [ fe80::9c5b:a5ff:fe3d:6e41/64 ] DnsAddresses: [ ] Domains: null MTU: 0 TcpBufferSizes: 1730560,3461120,6922240,524288,1048576,4525824 Routes: [ fe80::/64 -> :: wlan0 mtu 0 ]}
01-24 15:51:08.031   707   925 D WifiClientModeImpl: updateLinkProperties nid: 0 state: OBTAINING_IPADDR 
01-24 15:51:08.031   707   925 D WifiClientModeImpl:  DefaultState CMD_UPDATE_LINKPROPERTIES screen=on 0 0 
01-24 15:51:08.031   707   941 D MtkConnectivityService: Adding iface wlan0 to network 100
01-24 15:51:08.032   499   686 E Netd    : no such netId 100
01-24 15:51:08.033   707   941 E MtkConnectivityService: Exception adding interface: java.lang.IllegalStateException: android.os.ServiceSpecificException: Machine is not on the network (code 64)
01-24 15:51:08.034   499   686 E Netd    : no such netId 100
01-24 15:51:08.038   707   941 W BestClock: java.time.DateTimeException: Missing NTP fix
01-24 15:51:08.039  2836  2836 I wpa_supplicant: wpa_driver_nl80211_driver_cmd: wlan0 recv cmd BTCOEXMODE 1
01-24 15:51:08.039   707   925 D SupplicantStaIfaceHal: ISupplicantStaIface.setBtCoexistenceMode succeeded
01-24 15:51:08.039   707   925 D WifiClientModeImpl: setSuspendOptimizationsNative: 1 false -want true stack:setSuspendOptimizationsNative - handlePreDhcpSetup - processMessage - processMsg
01-24 15:51:08.040  2836  2836 I wpa_supplicant: wpa_driver_nl80211_driver_cmd: wlan0 recv cmd SETSUSPENDMODE 0
01-24 15:51:08.040  2836  2836 D wpa_supplicant: nl80211 test mode: ifindex=10
01-24 15:51:08.040  2836  2836 D wpa_supplicant: ret=-22, nl=0xb4000071135651a0
01-24 15:51:08.040  2836  2836 I wpa_supplicant: wpa_driver_nl80211_driver_cmd: ret = 0 used = 17 total = 512 buf = SETSUSPENDMODE 0
01-24 15:51:08.040   707   925 D SupplicantStaIfaceHal: ISupplicantStaIface.setSuspendModeEnabled succeeded
01-24 15:51:08.040   707   925 D WifiClientModeImpl: Setting power save for: wlan0 to: false
01-24 15:51:08.040  2836  2836 D wpa_supplicant: nl80211: set_p2p_powersave (legacy_ps=0 opp_ps=-1 ctwindow=-1)
01-24 15:51:08.041   707   925 D SupplicantStaIfaceHal: ISupplicantStaIface.setPowerSave succeeded
01-24 15:51:08.042   707   925 E WifiVendorHal: getWifiLinkLayerStats_1_3_Internal(l.973) failed {.code = ERROR_NOT_SUPPORTED, .description = }
01-24 15:51:08.043   707   928 D WifiP2pService: InactiveState{ when=0 what=143375 arg1=1 arg2=131328 target=com.android.wifi.x.com.android.internal.util.StateMachine$SmHandler }
01-24 15:51:08.043   707   928 D WifiP2pService: P2pEnabledState{ when=0 what=143375 arg1=1 arg2=131328 target=com.android.wifi.x.com.android.internal.util.StateMachine$SmHandler }
01-24 15:51:08.043   707   928 D WifiAsyncChannel.WifiP2pService: replyToMessage replyToMessage recvdMessage=143375 sendingUid=1000 sentMessage=131328
01-24 15:51:08.043   707   925 D WifiClientModeImpl:  L2ConnectedState CMD_PRE_DHCP_ACTION screen=on 0 0 txpkts=2,0,0
01-24 15:51:08.044   707   941 W BestClock: java.time.DateTimeException: Missing NTP fix
01-24 15:51:08.044   707   925 D WifiClientModeImpl:  L2ConnectedState CMD_PRE_DHCP_ACTION_COMPLETE screen=on uid=1000 0 0
01-24 15:51:08.045   707   922 W BestClock: java.time.DateTimeException: Missing NTP fix
01-24 15:51:08.046   707   922 W BestClock: java.time.DateTimeException: Missing NTP fix
01-24 15:51:08.050  1124  2839 D DhcpClient: Broadcasting DHCPDISCOVER
01-24 15:51:08.056  1124  2839 D DhcpClient: Received packet: 9e:5b:a5:3d:6e:41 OFFER, ip /10.120.65.134, mask /255.255.255.0, DNS servers: /10.40.8.8 /10.30.8.8 , gateways [/10.120.65.1] lease time 86400, domain null
01-24 15:51:08.058  1124  2839 D DhcpClient: Got pending lease: android.net.networkstack.DhcpResults@2ba2d78 DHCP server /10.120.65.1 Vendor info null lease 86400 seconds Servername 
01-24 15:51:08.059  1753  2044 W System.err: java.net.UnknownHostException: Unable to resolve host "uac.zte.com.cn": No address associated with hostname
01-24 15:51:08.059  1753  2044 W System.err: 	at java.net.Inet6AddressImpl.lookupHostByName(Inet6AddressImpl.java:124)
01-24 15:51:08.060  1753  2044 W System.err: 	at java.net.Inet6AddressImpl.lookupAllHostAddr(Inet6AddressImpl.java:103)
01-24 15:51:08.060  1753  2044 W System.err: 	at java.net.InetAddress.getAllByName(InetAddress.java:1152)
01-24 15:51:08.060  1753  2044 W System.err: 	at com.android.okhttp.Dns$1.lookup(Dns.java:41)
01-24 15:51:08.060  1753  2044 W System.err: 	at com.android.okhttp.internal.http.RouteSelector.resetNextInetSocketAddress(RouteSelector.java:178)
01-24 15:51:08.060  1753  2044 W System.err: 	at com.android.okhttp.internal.http.RouteSelector.nextProxy(RouteSelector.java:144)
01-24 15:51:08.060  1753  2044 W System.err: 	at com.android.okhttp.internal.http.RouteSelector.next(RouteSelector.java:86)
01-24 15:51:08.060  1753  2044 W System.err: 	at com.android.okhttp.internal.http.StreamAllocation.findConnection(StreamAllocation.java:176)
01-24 15:51:08.060  1753  2044 W System.err: 	at com.android.okhttp.internal.http.StreamAllocation.findHealthyConnection(StreamAllocation.java:128)
01-24 15:51:08.060  1753  2044 W System.err: 	at com.android.okhttp.internal.http.StreamAllocation.newStream(StreamAllocation.java:97)
01-24 15:51:08.060  1753  2044 W System.err: 	at com.android.okhttp.internal.http.HttpEngine.connect(HttpEngine.java:302)
01-24 15:51:08.060  1753  2044 W System.err: 	at com.android.okhttp.internal.http.HttpEngine.sendRequest(HttpEngine.java:245)
01-24 15:51:08.060  1753  2044 W System.err: 	at com.android.okhttp.internal.huc.HttpURLConnectionImpl.execute(HttpURLConnectionImpl.java:465)
01-24 15:51:08.060  1753  2044 W System.err: 	at com.android.okhttp.internal.huc.HttpURLConnectionImpl.connect(HttpURLConnectionImpl.java:131)
01-24 15:51:08.060  1753  2044 W System.err: 	at com.android.okhttp.internal.huc.DelegatingHttpsURLConnection.connect(DelegatingHttpsURLConnection.java:90)
01-24 15:51:08.060  1753  2044 W System.err: 	at com.android.okhttp.internal.huc.HttpsURLConnectionImpl.connect(HttpsURLConnectionImpl.java:30)
01-24 15:51:08.060  1753  2044 W System.err: 	at com.zte.mspice.cs.http.HttpUrlConnAction.sendHttpRequest(HttpUrlConnAction.java:114)
01-24 15:51:08.060  1753  2044 W System.err: 	at com.zte.mspice.cs.http.HttpUrlConnAction.sendHttpRequest(HttpUrlConnAction.java:56)
01-24 15:51:08.060  1124  2839 D DhcpClient: Broadcasting DHCPREQUEST ciaddr=0.0.0.0 request=10.120.65.134 serverid=10.120.65.1
01-24 15:51:08.060  1753  2044 W System.err: 	at com.zte.mspice.cs.http.HttpUrlConnAction.sendHttpRequest(HttpUrlConnAction.java:50)
01-24 15:51:08.060  1753  2044 W System.err: 	at com.zte.mspice.cs.http.UacHttpCsService.getUACTokenByQr(UacHttpCsService.java:300)
01-24 15:51:08.060  1753  2044 W System.err: 	at com.zte.mspice.cs.http.QrcodeHttpCsService.handleQrTask(QrcodeHttpCsService.java:129)
01-24 15:51:08.060  1753  2044 W System.err: 	at com.zte.mspice.cs.http.QrcodeHttpCsService$1.run(QrcodeHttpCsService.java:118)
01-24 15:51:08.060  1753  2044 W System.err: 	at java.util.TimerThread.mainLoop(Timer.java:562)
01-24 15:51:08.060  1753  2044 W System.err: 	at java.util.TimerThread.run(Timer.java:512)
01-24 15:51:08.060  1753  2044 I HttpUrlConnAction: https://uac.zte.com.cn/uacqr/auth/qrcode/verify.serv==tzl=response======null
01-24 15:51:08.066  1124  2839 D DhcpClient: Received packet: 9e:5b:a5:3d:6e:41 ACK: your new IP /10.120.65.134, netmask /255.255.255.0, gateways [/10.120.65.1] DNS servers: /10.40.8.8 /10.30.8.8 , lease time 86400
01-24 15:51:08.067  1124  2839 D DhcpClient: Confirmed lease: android.net.networkstack.DhcpResults@782ecb6 DHCP server /10.120.65.1 Vendor info null lease 86400 seconds Servername 
01-24 15:51:08.071   707   925 D WifiClientModeImpl: setSuspendOptimizationsNative: 1 true -want true stack:setSuspendOptimizationsNative - handlePostDhcpSetup - processMessage - processMsg
01-24 15:51:08.071   707   925 D WifiClientModeImpl: Setting power save for: wlan0 to: true
01-24 15:51:08.072  2836  2836 D wpa_supplicant: nl80211: set_p2p_powersave (legacy_ps=1 opp_ps=-1 ctwindow=-1)
01-24 15:51:08.073   707   925 D SupplicantStaIfaceHal: ISupplicantStaIface.setPowerSave succeeded
01-24 15:51:08.073   707   928 D WifiP2pService: InactiveState{ when=0 what=143375 target=com.android.wifi.x.com.android.internal.util.StateMachine$SmHandler }
01-24 15:51:08.073   707   928 D WifiP2pService: P2pEnabledState{ when=-1ms what=143375 target=com.android.wifi.x.com.android.internal.util.StateMachine$SmHandler }
01-24 15:51:08.074  2836  2836 I wpa_supplicant: wpa_driver_nl80211_driver_cmd: wlan0 recv cmd BTCOEXMODE 2
01-24 15:51:08.074   707   925 D SupplicantStaIfaceHal: ISupplicantStaIface.setBtCoexistenceMode succeeded
01-24 15:51:08.074   707   925 D WifiClientModeImpl:  L2ConnectedState CMD_POST_DHCP_ACTION screen=on 
01-24 15:51:08.074   707   925 D WifiClientModeImpl: handleIPv4Success <com.android.wifi.x.android.net.DhcpResultsParcelable@aa51122>
01-24 15:51:08.074   707   925 D WifiClientModeImpl: link address 10.120.65.134/24
01-24 15:51:08.076   707   925 D WifiDataStall: tx tput in kbps: -1000
01-24 15:51:08.076   707   925 D WifiDataStall: rx tput in kbps: -1000
01-24 15:51:08.076   707   925 D WifiClientModeImpl: tx tput in kbps: -1000
01-24 15:51:08.076   707   925 D WifiClientModeImpl: rx tput in kbps: -1000
01-24 15:51:08.076   707   925 D WifiClientModeImpl:  L2ConnectedState CMD_IPV4_PROVISIONING_SUCCESS screen=on com.android.wifi.x.android.net.DhcpResultsParcelable@aa51122
01-24 15:51:08.076   707   925 D WifiClientModeImpl: Link configuration changed for netId: 0 old: {InterfaceName: wlan0 LinkAddresses: [ fe80::9c5b:a5ff:fe3d:6e41/64 ] DnsAddresses: [ ] Domains: null MTU: 0 TcpBufferSizes: 1730560,3461120,6922240,524288,1048576,4525824 Routes: [ fe80::/64 -> :: wlan0 mtu 0 ]} new: {InterfaceName: wlan0 LinkAddresses: [ fe80::9c5b:a5ff:fe3d:6e41/64 ] DnsAddresses: [ ] Domains: null MTU: 0 ServerAddress: /10.120.65.1 TcpBufferSizes: 1730560,3461120,6922240,524288,1048576,4525824 Routes: [ fe80::/64 -> :: wlan0 mtu 0,10.120.65.0/24 -> 0.0.0.0 wlan0 mtu 0,0.0.0.0/0 -> 10.120.65.1 wlan0 mtu 0 ]}
01-24 15:51:08.077   707   925 D WifiClientModeImpl: updateLinkProperties nid: 0 state: OBTAINING_IPADDR v4r
01-24 15:51:08.077   707   925 D WifiClientModeImpl:  DefaultState CMD_UPDATE_LINKPROPERTIES screen=on 0 0 v4r
01-24 15:51:08.077   499   686 E Netd    : no such netId 100
01-24 15:51:08.078   707   941 E MtkConnectivityService: Exception in networkAddRouteParcel for non-gateway: android.os.ServiceSpecificException: Machine is not on the network (code 64)
01-24 15:51:08.078   707   941 E MtkConnectivityService: Exception in networkAddRouteParcel for gateway: android.os.ServiceSpecificException: Machine is not on the network (code 64)
01-24 15:51:08.078   499   686 E Netd    : no such netId 100
01-24 15:51:08.079   707   925 D WifiClientModeImpl: Link configuration changed for netId: 0 old: {InterfaceName: wlan0 LinkAddresses: [ fe80::9c5b:a5ff:fe3d:6e41/64 ] DnsAddresses: [ ] Domains: null MTU: 0 ServerAddress: /10.120.65.1 TcpBufferSizes: 1730560,3461120,6922240,524288,1048576,4525824 Routes: [ fe80::/64 -> :: wlan0 mtu 0,10.120.65.0/24 -> 0.0.0.0 wlan0 mtu 0,0.0.0.0/0 -> 10.120.65.1 wlan0 mtu 0 ]} new: {InterfaceName: wlan0 LinkAddresses: [ fe80::9c5b:a5ff:fe3d:6e41/64,10.120.65.134/24 ] DnsAddresses: [ /10.40.8.8,/10.30.8.8 ] Domains: null MTU: 0 ServerAddress: /10.120.65.1 TcpBufferSizes: 1730560,3461120,6922240,524288,1048576,4525824 Routes: [ fe80::/64 -> :: wlan0 mtu 0,10.120.65.0/24 -> 0.0.0.0 wlan0 mtu 0,0.0.0.0/0 -> 10.120.65.1 wlan0 mtu 0 ]}
01-24 15:51:08.079   707   925 D WifiClientModeImpl: updateLinkProperties nid: 0 state: OBTAINING_IPADDR v4 v4r v4dns
01-24 15:51:08.080   707   925 D WifiClientModeImpl:  DefaultState CMD_UPDATE_LINKPROPERTIES screen=on 0 0 v4 v4r v4dns
01-24 15:51:08.081   707   941 W BestClock: java.time.DateTimeException: Missing NTP fix
01-24 15:51:08.081   707   925 D WifiDataStall: tx tput in kbps: -1000
01-24 15:51:08.081   707   925 D WifiDataStall: rx tput in kbps: -1000
01-24 15:51:08.081   707   925 D WifiClientModeImpl: tx tput in kbps: -1000
01-24 15:51:08.081   707   925 D WifiClientModeImpl: rx tput in kbps: -1000
01-24 15:51:08.081  1124  2839 D DhcpClient: Scheduling renewal in 43199s
01-24 15:51:08.081  1124  2839 D DhcpClient: Scheduling rebind in 75599s
01-24 15:51:08.081  1124  2839 D DhcpClient: Scheduling expiry in 86399s
01-24 15:51:08.081   707   925 D WifiScoreCard: BSSID update IP_CONFIGURATION_SUCCESS ID: 371226184 SSID: zte_wlanap_sn_CS_h3c, BSSID: 94:29:2f:97:bf:60, MAC: 9e:5b:a5:3d:6e:41, Supplicant state: COMPLETED, Wi-Fi standard: 0, RSSI: -71, Link speed: 585Mbps, Tx Link speed: 585Mbps, Max Supported Tx Link speed: -1Mbps, Rx Link speed: -1Mbps, Max Supported Rx Link speed: -1Mbps, Frequency: 5180MHz, Net ID: 0, Metered hint: false, score: 59
01-24 15:51:08.085   707   941 W BestClock: java.time.DateTimeException: Missing NTP fix
01-24 15:51:08.086   707   922 W BestClock: java.time.DateTimeException: Missing NTP fix
01-24 15:51:08.087   707   941 D MtkConnectivityService: Not append default DNS for original DNSes not empy:[/10.40.8.8, /10.30.8.8]
01-24 15:51:08.087   707   941 D MtkConnectivityService: Setting DNS servers for network 100 to [/10.40.8.8, /10.30.8.8]
01-24 15:51:08.087   707   922 W BestClock: java.time.DateTimeException: Missing NTP fix
01-24 15:51:08.087  1805  1870 D [netmanager]: [acsdi][acsdiscover.c:1006] startAcsDisvover_6
01-24 15:51:08.084  1579  1579 I logcat  : type=1400 audit(0.0:2665): avc: denied { write } for path="/data/wpa.txt" dev="dm-7" ino=15 scontext=u:object_r:logpersist:s0 tcontext=u:object_r:system_data_root_file:s0 tclass=file permissive=1
01-24 15:51:08.088  1805  1870 D [netmanager]: [acsdi][acsdiscover.c:986] startAcsDisvover_4
01-24 15:51:08.092   707   941 W BestClock: java.time.DateTimeException: Missing NTP fix
01-24 15:51:08.095   707   941 W BestClock: java.time.DateTimeException: Missing NTP fix
01-24 15:51:08.097   707   922 W BestClock: java.time.DateTimeException: Missing NTP fix
01-24 15:51:08.097   707   922 W BestClock: java.time.DateTimeException: Missing NTP fix
01-24 15:51:08.114   707   925 W system_server: Core platform API violation: Lsun/misc/Unsafe;->allocateInstance(Ljava/lang/Class;)Ljava/lang/Object; from /apex/com.android.wifi/javalib/service-wifi.jar using linking
01-24 15:51:08.116   707   925 W UnsafeUtil: platform method missing - proto runtime falling back to safer methods: java.lang.NoSuchMethodException: sun.misc.Unsafe.copyMemory [class java.lang.Object, long, class java.lang.Object, long, long]
01-24 15:51:08.117   707   925 D WifiScoreCard: Histogram SIGNAL_POLL RSSI{[-71,-70)=1}
01-24 15:51:08.118   707   925 D WifiScoreCard: Histogram IP_CONFIGURATION_SUCCESS RSSI{[-71,-70)=1}
01-24 15:51:08.126   707   925 V WifiScoreCard: Write count: 1, bytes: 362
01-24 15:51:08.129   707   925 V WifiScoreCard: Write count: 1, bytes: 66
01-24 15:51:08.130   707   925 D WifiClientModeImpl: setDetailed state, old =OBTAINING_IPADDR and new state=CONNECTED hidden=false
01-24 15:51:08.130   707   941 D MtkConnectivityService: [100 WIFI] EVENT_NETWORK_INFO_CHANGED, going from UNKNOWN to CONNECTED
01-24 15:51:08.130   707   925 D WifiClientModeImpl:  L2ConnectedState CMD_IP_CONFIGURATION_SUCCESSFUL screen=on 0 0
01-24 15:51:08.130   707   925 D WifiClientModeImpl: Enter ConnectedState  mScreenOn=true
01-24 15:51:08.131   707   925 D WifiOpenNetworkNotifier: Notification with state=1 was cleared for recommended network: "TP-LINK_7EAA"
01-24 15:51:08.132   707   925 V WifiNetworkSuggestionsManager: handleConnectionAttemptEnded 1, ID: 0 SSID: "zte_wlanap_sn_CS_h3c" PROVIDER-NAME: null BSSID: null FQDN: null HOME-PROVIDER-NETWORK: false PRIO: 0 HIDDEN: false PMF: falseCarrierId: -1
01-24 15:51:08.132   707   925 V WifiNetworkSuggestionsManager:  NetworkSelectionStatus NETWORK_SELECTION_ENABLED
01-24 15:51:08.132   707   925 V WifiNetworkSuggestionsManager:  hasEverConnected: false
01-24 15:51:08.132   707   925 V WifiNetworkSuggestionsManager:  trusted
01-24 15:51:08.132   707   925 V WifiNetworkSuggestionsManager:  macRandomizationSetting: 1
01-24 15:51:08.132   707   925 V WifiNetworkSuggestionsManager:  mRandomizedMacAddress: 9e:5b:a5:3d:6e:41
01-24 15:51:08.132   707   925 V WifiNetworkSuggestionsManager:  randomizedMacExpirationTimeMs: 01-25 15:51:08.075
01-24 15:51:08.132   707   925 V WifiNetworkSuggestionsManager:  KeyMgmt: WPA_EAP Protocols: WPA RSN
01-24 15:51:08.132   707   925 V WifiNetworkSuggestionsManager:  AuthAlgorithms:
01-24 15:51:08.132   707   925 V WifiNetworkSuggestionsManager:  PairwiseCiphers: TKIP CCMP GCMP_256
01-24 15:51:08.132   707   925 V WifiNetworkSuggestionsManager:  GroupCiphers: WEP40 WEP104 TKIP CCMP GCMP_256
01-24 15:51:08.132   707   925 V WifiNetworkSuggestionsManager:  GroupMgmtCiphers: BIP_GMAC_256
01-24 15:51:08.132   707   925 V WifiNetworkSuggestionsManager:  SuiteBCiphers:
01-24 15:51:08.132   707   925 V WifiNetworkSuggestionsManager:  PSK/SAE: 
01-24 15:51:08.132   707   925 V WifiNetworkSuggestionsManager: Enterprise config:
01-24 15:51:08.132   707   925 V WifiNetworkSuggestionsManager: password <removed>
01-24 15:51:08.132   707   925 V WifiNetworkSuggestionsManager: proactive_key_caching 1
01-24 15:51:08.132   707   925 V WifiNetworkSuggestionsManager: identity "e689fb8a60c34b33b7f7e71f44f309c9"
01-24 15:51:08.132   707   925 V WifiNetworkSuggestionsManager: eap_method: PEAP_EAP90
01-24 15:51:08.132   707   925 V WifiNetworkSuggestionsManager:  ocsp: 0
01-24 15:51:08.132   707   925 V WifiNetworkSuggestionsManager: IP config:
01-24 15:51:08.132   707   925 V WifiNetworkSuggestionsManager: IP assignment: DHCP
01-24 15:51:08.132   707   925 V WifiNetworkSuggestionsManager: Proxy settings: NONE
01-24 15:51:08.132   707   925 V WifiNetworkSuggestionsManager:  cuid=1000 cname=com.zte.usmartview luid=1000 lname=android.uid.system:1000 lcuid=1000 allowAutojoin=true noInternetAccessExpected=false mostRecentlyConnected=false 
01-24 15:51:08.132   707   925 V WifiNetworkSuggestionsManager: recentFailure: Association Rejection code: 0
01-24 15:51:08.132  1753  1753 I WifiProxy: onReceive, action = android.net.wifi.STATE_CHANGE
01-24 15:51:08.133   707   925 V WifiConnectivityManager: handleConnectionStateChanged: state=connected
01-24 15:51:08.133  1753  1753 I WifiProxy: onReceive: intent action = android.net.wifi.STATE_CHANGE
01-24 15:51:08.133   707   925 V WifiConnectivityManager: startConnectivityScan: screenOn=true wifiState=connected scanImmediately=false wifiEnabled=true wifiConnectivityManagerEnabled=true
01-24 15:51:08.134   707   925 V WifiConfigManager: Update network after connect for 0
01-24 15:51:08.134   707   721 I WifiService: getConnectionInfo uid=1000
01-24 15:51:08.134  1753  1753 I WifiProxy: connect success
01-24 15:51:08.134  1753  1753 I LoginView: onConnectResult ssid = zte_wlanap_sn_CS_h3c,result=0
01-24 15:51:08.135  1753  2872 I LoginView: wifi connect suc and login cloud desktop
01-24 15:51:08.136   707   941 D DnsManager: sendDnsConfigurationForNetwork(100, [10.40.8.8, 10.30.8.8], [], 1800, 25, 8, 64, 0, 0, , [])
01-24 15:51:08.136  1753  1753 I WifiManagerProxy: onReceive, action = android.net.wifi.STATE_CHANGE
01-24 15:51:08.136   707   721 I WifiService: getConnectionInfo uid=1000
01-24 15:51:08.137  1753  1753 I WifiManagerProxy: NETWORK_STATE_CHANGED_ACTION zte_wlanap_sn_CS_h3c CONNECTED
